.\mvnw.cmd : WARNING: A 
terminally deprecated method 
in sun.misc.Unsafe has been 
called
No linha:1 caractere:1
+ .\mvnw.cmd clean install 
-DskipTests > 
build_output.log 2>&1
+ ~~~~~~~~~~~~~~~~~~~~~~~~~~~
~~~~~~~~~~~~~~~~~~~~~~~~~~~~~
~~~~
    + CategoryInfo           
   : NotSpecified    : 
(WARNING: A term.    ..has 
been called:S    tring) [], 
RemoteEx    ception
    + FullyQualifiedErr    
orId : NativeComman    dError
 
WARNING: sun.misc.Unsafe::sta
ticFieldBase has been called 
by com.google.inject.internal
.aop.HiddenClassDefiner (file
:/C:/Users/R5600/.m2/wrapper/
dists/apache-maven-3.9.11/03d
7e36a140982eea48e22c1dcac01d8
862b2550b2939e09a0809bbc5182a
5bc/lib/guice-5.1.0-classes.j
ar)
WARNING: Please consider 
reporting this to the 
maintainers of class com.goog
le.inject.internal.aop.Hidden
ClassDefiner
WARNING: sun.misc.Unsafe::sta
ticFieldBase will be removed 
in a future release
[INFO] Scanning for projects...
[INFO] 
[INFO] -----------------------< com.educabit:educabit >------------------------
[INFO] Building educabit 0.0.1-SNAPSHOT
[INFO]   from pom.xml
[INFO] --------------------------------[ jar ]---------------------------------
[INFO] 
[INFO] --- clean:3.4.1:clean (default-clean) @ educabit ---
[INFO] Deleting D:\MEGA\Licenciatura em Computação UPE\2º Período\Programação II\EducaBitDemo\target
[INFO] ------------------------------------------------------------------------
[INFO] BUILD FAILURE
[INFO] ------------------------------------------------------------------------
[INFO] Total time:  1.911 s
[INFO] Finished at: 2025-12-17T10:09:23-03:00
[INFO] ------------------------------------------------------------------------
[ERROR] Failed to execute goal org.apache.maven.plugins:maven-clean-plugin:3.4.1:clean (default-clean) on project educabit: Failed to clean project: Failed to delete D:\MEGA\Licenciatura em Computação UPE\2º Período\Programação II\EducaBitDemo\target\classes\GeoLite2-City.mmdb: D:\MEGA\Licenciatura em Computação UPE\2º Período\Programação II\EducaBitDemo\target\classes\GeoLite2-City.mmdb: O arquivo já está sendo usado por outro processo -> [Help 1]
[ERROR] 
[ERROR] To see the full stack trace of the errors, re-run Maven with the -e switch.
[ERROR] Re-run Maven using the -X switch to enable full debug logging.
[ERROR] 
[ERROR] For more information about the errors and possible solutions, please read the following articles:
[ERROR] [Help 1] http://cwiki.apache.org/confluence/display/MAVEN/MojoExecutionException
